000 00090000 CALL BOOT
001 14000028 BR bad
native:
002 00010000 CALL NATIVE
003 00100000 CALL CAPTURE
004 1400000c BR filter_finish
005 00110000 CALL MERGE5
006 00120000 CALL SUBPIXEL
007 00130000 CALL MERGE3
008 1401000c BR filter_finish
009 21000000 LOOP result.count
ring:
010 01140000 CALL RING_POINT index
011 3000000a NEXT ring
filter_finish:
012 00150000 CALL FILTER_FINISH
013 00200000 CALL ORDER_CAPTURE
014 14000012 BR order_finish
015 2000005a LOOP 90
angle:
016 01210000 CALL ANGLE index
017 30000010 NEXT angle
order_finish:
018 00220000 CALL ORDER_FINISH
019 1400001b BR next_layer
020 00020000 CALL ORDER_OUTPUT
refine:
021 00030000 CALL REFINE
022 00300000 CALL MINSTEP
023 00310000 CALL HALFWIN
024 00320000 CALL GRID_SUBPIXEL
025 00330000 CALL VALIDATE
026 00340000 CALL GRID_OUTPUT
next_layer:
027 00050000 CALL NEXT_LAYER
028 14000021 BR finish
029 1401001f BR map
030 18000002 BR native
map:
031 00040000 CALL MAP
032 18000015 BR refine
finish:
033 00060000 CALL FINISH
034 14000027 BR none
035 00070000 CALL OUTPUT
036 10000026 BR success
037 00080000 CALL DUMP
success:
038 f0000001 END 1
none:
039 f0000002 END 2
bad:
040 f0000003 END 3
