exp:
  FROMFP   2, 0, 0, 0
  MOV      3, 2, 0, 0
  BR       1, 2, 0, 0
  ADD      3, 3, 22, 0
  BR       0, 0, 0, 0
exp_negative:
  SUB      3, 3, 22, 0
exp_reduce:
  DIVI     3, 3, 18, 0
  SETSCALE 0, 3, 0, 0
  MULI     4, 3, 18, 0
  SUB      2, 2, 4, 0
  MOV      3, 17, 0, 0
  MOV      4, 17, 0, 0
  SETI     1, 32, 1
exp_loop:
  MULQ     3, 3, 2, 0
  GETI     5, 0, 0, 0
  DIVI     3, 3, 5, 0
  ADD      4, 4, 3, 0
  LOOP     0, 0, 0, 0
  RET      0, 4, 0, 1
log:
  UNPACK   2, 0, 0, 0
  GETSCALE 6, 0, 0, 0
  SUB      3, 2, 17, 0
  ADD      4, 2, 17, 0
  DIVQ     2, 3, 4, 0
  MULQ     3, 2, 2, 0
  MOV      4, 2, 0, 0
  MOV      5, 2, 0, 0
  SETI     3, 79, 2
log_loop:
  MULQ     4, 4, 3, 0
  GETI     7, 0, 0, 0
  DIVI     7, 4, 7, 0
  ADD      5, 5, 7, 0
  LOOP     0, 0, 0, 0
  MULI     6, 6, 18, 0
  SHL      5, 5, 0, 0
  ADD      5, 5, 6, 0
  SETSCALE 0, 16, 0, 0
  RET      0, 5, 0, 1
log_near:
  FP       2, 0, 23, 1
  FP       3, 0, 23, 0
  FP       2, 2, 3, 3
  FP       3, 2, 2, 2
  FP       3, 3, 2, 2
  FP       3, 3, 25, 3
  FP       3, 2, 3, 0
  FP       3, 3, 24, 2
  RET      0, 3, 0, 0
trig:
  RANGE    2, 0, 0, 0
  MULQ     2, 2, 19, 0
  MOV      0, 21, 0, 0
  MOV      1, 16, 0, 0
  SETI     0, 127, 1
rotate:
  TEST     0, 2, 0, 0
  SAR      3, 1, 0, 1
  SAR      4, 0, 0, 1
  ANGLE    5, 0, 0, 0
  SUBC     0, 0, 3, 0
  ADDC     1, 1, 4, 0
  SUBC     2, 2, 5, 0
  LOOP     0, 0, 0, 0
  SELECT   2, 0, 1, 0
  SETSCALE 0, 16, 0, 0
  RET      0, 2, 0, 1
acos:
  FP       2, 23, 0, 1
  FP       3, 23, 0, 0
  FP       2, 2, 3, 2
  FP       2, 2, 16, 4
  MOV      1, 0, 0, 0
  MOV      0, 2, 0, 0
atan:
  ATEST    0, 0, 1, 0
  UNPACK   2, 0, 0, 0
  GETSCALE 4, 0, 0, 0
  UNPACK   3, 1, 0, 0
  GETSCALE 5, 0, 0, 0
  SUB      6, 4, 5, 0
  BR       7, 0, 0, 0
  ADD      7, 6, 26, 0
  BR       1, 7, 0, 0
atan_align:
  BR       1, 6, 0, 0
  SAR      3, 3, 6, 0
  BR       0, 0, 0, 0
atan_y_small:
  NEG      6, 6, 0, 0
  SAR      2, 2, 6, 0
atan_aligned:
  MOV      0, 3, 0, 0
  MOV      1, 2, 0, 0
  MOV      2, 16, 0, 0
  SETI     0, 127, 1
vector:
  TEST     0, 1, 0, 1
  SAR      3, 1, 0, 1
  SAR      4, 0, 0, 1
  ANGLE    5, 0, 0, 0
  ADDC     0, 0, 3, 0
  SUBC     1, 1, 4, 0
  ADDC     2, 2, 5, 0
  LOOP     0, 0, 0, 0
  BR       8, 0, 0, 0
  SUB      2, 20, 2, 0
atan_x_positive:
  BR       9, 0, 0, 0
  NEG      2, 2, 0, 0
atan_y_positive:
  SETSCALE 0, 16, 0, 0
  RET      0, 2, 0, 1
atan_small:
  FP       2, 0, 1, 3
  RET      0, 2, 0, 2
